<html>
<body>
<pre>
<h1>µVision Build Log</h1>
<h2>Tool Versions:</h2>
IDE-Version: µVision V5.31.0.0
Copyright (C) 2020 ARM Ltd and ARM Germany GmbH. All rights reserved.
License Information: Le Loc, 123, LIC=KRMW3-AKT2R-DYCV3-A2YZC-6HJEJ-UD86X
 
Tool Versions:
Toolchain:       MDK-ARM Plus  Version: 5.31.0.0
Toolchain Path:  C:\Keil_v5\ARM\ARMCLANG\Bin
C Compiler:      ArmClang.exe V6.14
Assembler:       Armasm.exe V6.14
Linker/Locator:  ArmLink.exe V6.14
Library Manager: ArmAr.exe V6.14
Hex Converter:   FromElf.exe V6.14
CPU DLL:         SARMCM3.DLL V5.31.0.0
Dialog DLL:      DCM.DLL V1.17.3.0
Target DLL:      STLink\ST-LINKIII-KEIL_SWO.dll V3.0.7.0
Dialog DLL:      TCM.DLL V1.46.0.0
 
<h2>Project:</h2>
C:\Users\Loc\OneDrive\Desktop\HALA\RTOS_course_HALA\RTOS_Bootloader\MDK-ARM\RTOS_Bootloader.uvprojx
Project File Date:  02/21/2025

<h2>Output:</h2>
*** Using Compiler 'V6.14', folder: 'C:\Keil_v5\ARM\ARMCLANG\Bin'
Rebuild target 'RTOS_Bootloader'
assembling startup_stm32f446xx.s...
compiling stm32f4xx_hal_tim_ex.c...
compiling stm32f4xx_hal_tim.c...
compiling stm32f4xx_hal_msp.c...
compiling system_stm32f4xx.c...
compiling stm32f4xx_it.c...
../Core/Src/main.c(4): warning: In file included from...
../Core/Inc\stm32f4xx_flash.h(82): warning: 'IS_FLASH_LATENCY' macro redefined [-Wmacro-redefined]
#define IS_FLASH_LATENCY(LATENCY) (((LATENCY) == FLASH_Latency_0)  || \
        ^
../Drivers/STM32F4xx_HAL_Driver/Inc/stm32f4xx_hal_flash_ex.h(864): note: previous definition is here
#define IS_FLASH_LATENCY(LATENCY) (((LATENCY) == FLASH_LATENCY_0)  || \
        ^
../Core/Src/main.c(4): warning: In file included from...
../Core/Inc\stm32f4xx_flash.h(103): warning: 'IS_VOLTAGERANGE' macro redefined [-Wmacro-redefined]
#define IS_VOLTAGERANGE(RANGE)(((RANGE) == VoltageRange_1) || \
        ^
../Drivers/STM32F4xx_HAL_Driver/Inc/stm32f4xx_hal_flash_ex.h(814): note: previous definition is here
#define IS_VOLTAGERANGE(RANGE)(((RANGE) == FLASH_VOLTAGE_RANGE_1) || \
        ^
../Core/Src/main.c(4): warning: In file included from...
../Core/Inc\stm32f4xx_flash.h(139): warning: 'IS_FLASH_SECTOR' macro redefined [-Wmacro-redefined]
#define IS_FLASH_SECTOR(SECTOR) (((SECTOR) == FLASH_Sector_0)   || ((SECTOR) == FLASH_Sector_1)   ||\
        ^
../Drivers/STM32F4xx_HAL_Driver/Inc/stm32f4xx_hal_flash_ex.h(961): note: previous definition is here
#define IS_FLASH_SECTOR(SECTOR) (((SECTOR) == FLASH_SECTOR_0)   || ((SECTOR) == FLASH_SECTOR_1)   ||\
        ^
../Core/Src/main.c(4): warning: In file included from...
../Core/Inc\stm32f4xx_flash.h(152): warning: 'IS_FLASH_ADDRESS' macro redefined [-Wmacro-redefined]
#define IS_FLASH_ADDRESS(ADDRESS) ((((ADDRESS) >= 0x08000000) && ((ADDRESS) < 0x081FFFFF)) ||\
        ^
../Drivers/STM32F4xx_HAL_Driver/Inc/stm32f4xx_hal_flash_ex.h(967): note: previous definition is here
#define IS_FLASH_ADDRESS(ADDRESS) ((((ADDRESS) >= FLASH_BASE) && ((ADDRESS) <= FLASH_END)) || \
        ^
../Core/Src/main.c(4): warning: In file included from...
../Core/Inc\stm32f4xx_flash.h(221): warning: 'IS_OB_STOP_SOURCE' macro redefined [-Wmacro-redefined]
#define IS_OB_STOP_SOURCE(SOURCE) (((SOURCE) == OB_STOP_NoRST) || ((SOURCE) == OB_STOP_RST))
        ^
../Drivers/STM32F4xx_HAL_Driver/Inc/stm32f4xx_hal_flash_ex.h(830): note: previous definition is here
#define IS_OB_STOP_SOURCE(SOURCE) (((SOURCE) == OB_STOP_NO_RST) || ((SOURCE) == OB_STOP_RST))
        ^
../Core/Src/main.c(4): warning: In file included from...
../Core/Inc\stm32f4xx_flash.h(232): warning: 'IS_OB_STDBY_SOURCE' macro redefined [-Wmacro-redefined]
#define IS_OB_STDBY_SOURCE(SOURCE) (((SOURCE) == OB_STDBY_NoRST) || ((SOURCE) == OB_STDBY_RST))
        ^
../Drivers/STM32F4xx_HAL_Driver/Inc/stm32f4xx_hal_flash_ex.h(832): note: previous definition is here
#define IS_OB_STDBY_SOURCE(SOURCE) (((SOURCE) == OB_STDBY_NO_RST) || ((SOURCE) == OB_STDBY_RST))
        ^
../Core/Src/main.c(4): warning: In file included from...
../Core/Inc\stm32f4xx_flash.h(253): warning: 'FLASH_IT_EOP' macro redefined [-Wmacro-redefined]
#define FLASH_IT_EOP                   ((uint32_t)0x01000000)  /*!< End of FLASH Operation Interrupt source */
        ^
../Drivers/STM32F4xx_HAL_Driver/Inc\stm32f4xx_hal_flash.h(132): note: previous definition is here
#define FLASH_IT_EOP                   FLASH_CR_EOPIE          /*!< End of FLASH Operation Interrupt source */
        ^
../Core/Src/main.c(4): warning: In file included from...
../Core/Inc\stm32f4xx_flash.h(254): warning: 'FLASH_IT_ERR' macro redefined [-Wmacro-redefined]
#define FLASH_IT_ERR                   ((uint32_t)0x02000000)  /*!< Error Interrupt source */
        ^
../Drivers/STM32F4xx_HAL_Driver/Inc\stm32f4xx_hal_flash.h(133): note: previous definition is here
#define FLASH_IT_ERR                   0x02000000U             /*!< Error Interrupt source                  */
        ^
../Core/Src/main.c(4): warning: In file included from...
../Core/Inc\stm32f4xx_flash.h(263): warning: 'FLASH_FLAG_EOP' macro redefined [-Wmacro-redefined]
#define FLASH_FLAG_EOP                 ((uint32_t)0x00000001)  /*!< FLASH End of Operation flag               */
        ^
../Drivers/STM32F4xx_HAL_Driver/Inc\stm32f4xx_hal_flash.h(114): note: previous definition is here
#define FLASH_FLAG_EOP                 FLASH_SR_EOP            /*!< FLASH End of Operation flag               */
        ^
../Core/Src/main.c(4): warning: In file included from...
../Core/Inc\stm32f4xx_flash.h(264): warning: 'FLASH_FLAG_OPERR' macro redefined [-Wmacro-redefined]
#define FLASH_FLAG_OPERR               ((uint32_t)0x00000002)  /*!< FLASH operation Error flag                */
        ^
../Drivers/STM32F4xx_HAL_Driver/Inc\stm32f4xx_hal_flash.h(115): note: previous definition is here
#define FLASH_FLAG_OPERR               FLASH_SR_SOP            /*!< FLASH operation Error flag                */
        ^
../Core/Src/main.c(4): warning: In file included from...
../Core/Inc\stm32f4xx_flash.h(265): warning: 'FLASH_FLAG_WRPERR' macro redefined [-Wmacro-redefined]
#define FLASH_FLAG_WRPERR              ((uint32_t)0x00000010)  /*!< FLASH Write protected error flag          */
        ^
../Drivers/STM32F4xx_HAL_Driver/Inc\stm32f4xx_hal_flash.h(116): note: previous definition is here
#define FLASH_FLAG_WRPERR              FLASH_SR_WRPERR         /*!< FLASH Write protected error flag          */
        ^
../Core/Src/main.c(4): warning: In file included from...
../Core/Inc\stm32f4xx_flash.h(266): warning: 'FLASH_FLAG_PGAERR' macro redefined [-Wmacro-redefined]
#define FLASH_FLAG_PGAERR              ((uint32_t)0x00000020)  /*!< FLASH Programming Alignment error flag    */
        ^
../Drivers/STM32F4xx_HAL_Driver/Inc\stm32f4xx_hal_flash.h(117): note: previous definition is here
#define FLASH_FLAG_PGAERR              FLASH_SR_PGAERR         /*!< FLASH Programming Alignment error flag    */
        ^
../Core/Src/main.c(4): warning: In file included from...
../Core/Inc\stm32f4xx_flash.h(267): warning: 'FLASH_FLAG_PGPERR' macro redefined [-Wmacro-redefined]
#define FLASH_FLAG_PGPERR              ((uint32_t)0x00000040)  /*!< FLASH Programming Parallelism error flag  */
        ^
../Drivers/STM32F4xx_HAL_Driver/Inc\stm32f4xx_hal_flash.h(118): note: previous definition is here
#define FLASH_FLAG_PGPERR              FLASH_SR_PGPERR         /*!< FLASH Programming Parallelism error flag  */
        ^
../Core/Src/main.c(4): warning: In file included from...
../Core/Inc\stm32f4xx_flash.h(268): warning: 'FLASH_FLAG_PGSERR' macro redefined [-Wmacro-redefined]
#define FLASH_FLAG_PGSERR              ((uint32_t)0x00000080)  /*!< FLASH Programming Sequence error flag     */
        ^
../Drivers/STM32F4xx_HAL_Driver/Inc\stm32f4xx_hal_flash.h(119): note: previous definition is here
#define FLASH_FLAG_PGSERR              FLASH_SR_PGSERR         /*!< FLASH Programming Sequence error flag     */
        ^
../Core/Src/main.c(4): warning: In file included from...
../Core/Inc\stm32f4xx_flash.h(269): warning: 'FLASH_FLAG_BSY' macro redefined [-Wmacro-redefined]
#define FLASH_FLAG_BSY                 ((uint32_t)0x00010000)  /*!< FLASH Busy flag                           */ 
        ^
../Drivers/STM32F4xx_HAL_Driver/Inc\stm32f4xx_hal_flash.h(123): note: previous definition is here
#define FLASH_FLAG_BSY                 FLASH_SR_BSY            /*!< FLASH Busy flag                           */ 
        ^
../Core/Src/main.c(4): warning: In file included from...
../Core/Inc\stm32f4xx_flash.h(282): warning: 'FLASH_PSIZE_BYTE' macro redefined [-Wmacro-redefined]
#define FLASH_PSIZE_BYTE           ((uint32_t)0x00000000)
        ^
../Drivers/STM32F4xx_HAL_Driver/Inc\stm32f4xx_hal_flash.h(141): note: previous definition is here
#define FLASH_PSIZE_BYTE           0x00000000U
        ^
../Core/Src/main.c(4): warning: In file included from...
../Core/Inc\stm32f4xx_flash.h(283): warning: 'FLASH_PSIZE_HALF_WORD' macro redefined [-Wmacro-redefined]
#define FLASH_PSIZE_HALF_WORD      ((uint32_t)0x00000100)
        ^
../Drivers/STM32F4xx_HAL_Driver/Inc\stm32f4xx_hal_flash.h(142): note: previous definition is here
#define FLASH_PSIZE_HALF_WORD      0x00000100U
        ^
../Core/Src/main.c(4): warning: In file included from...
../Core/Inc\stm32f4xx_flash.h(284): warning: 'FLASH_PSIZE_WORD' macro redefined [-Wmacro-redefined]
#define FLASH_PSIZE_WORD           ((uint32_t)0x00000200)
        ^
../Drivers/STM32F4xx_HAL_Driver/Inc\stm32f4xx_hal_flash.h(143): note: previous definition is here
#define FLASH_PSIZE_WORD           0x00000200U
        ^
../Core/Src/main.c(4): warning: In file included from...
../Core/Inc\stm32f4xx_flash.h(285): warning: 'FLASH_PSIZE_DOUBLE_WORD' macro redefined [-Wmacro-redefined]
#define FLASH_PSIZE_DOUBLE_WORD    ((uint32_t)0x00000300)
        ^
../Drivers/STM32F4xx_HAL_Driver/Inc\stm32f4xx_hal_flash.h(144): note: previous definition is here
#define FLASH_PSIZE_DOUBLE_WORD    0x00000300U
        ^
../Core/Src/main.c(4): warning: In file included from...
../Core/Inc\stm32f4xx_flash.h(286): warning: 'CR_PSIZE_MASK' macro redefined [-Wmacro-redefined]
#define CR_PSIZE_MASK              ((uint32_t)0xFFFFFCFF)
        ^
../Drivers/STM32F4xx_HAL_Driver/Inc\stm32f4xx_hal_flash.h(145): note: previous definition is here
#define CR_PSIZE_MASK              0xFFFFFCFFU
        ^
../Core/Src/main.c(4): warning: In file included from...
../Core/Inc\stm32f4xx_flash.h(295): warning: 'FLASH_KEY1' macro redefined [-Wmacro-redefined]
#define FLASH_KEY1               ((uint32_t)0x45670123)
        ^
../Drivers/STM32F4xx_HAL_Driver/Inc\stm32f4xx_hal_flash.h(154): note: previous definition is here
#define FLASH_KEY1               0x45670123U
        ^
../Core/Src/main.c(4): warning: In file included from...
../Core/Inc\stm32f4xx_flash.h(296): warning: 'FLASH_KEY2' macro redefined [-Wmacro-redefined]
#define FLASH_KEY2               ((uint32_t)0xCDEF89AB)
        ^
../Drivers/STM32F4xx_HAL_Driver/Inc\stm32f4xx_hal_flash.h(155): note: previous definition is here
#define FLASH_KEY2               0xCDEF89ABU
        ^
../Core/Src/main.c(4): warning: In file included from...
../Core/Inc\stm32f4xx_flash.h(297): warning: 'FLASH_OPT_KEY1' macro redefined [-Wmacro-redefined]
#define FLASH_OPT_KEY1           ((uint32_t)0x08192A3B)
        ^
../Drivers/STM32F4xx_HAL_Driver/Inc\stm32f4xx_hal_flash.h(156): note: previous definition is here
#define FLASH_OPT_KEY1           0x08192A3BU
        ^
../Core/Src/main.c(4): warning: In file included from...
../Core/Inc\stm32f4xx_flash.h(298): warning: 'FLASH_OPT_KEY2' macro redefined [-Wmacro-redefined]
#define FLASH_OPT_KEY2           ((uint32_t)0x4C5D6E7F)
        ^
../Drivers/STM32F4xx_HAL_Driver/Inc\stm32f4xx_hal_flash.h(157): note: previous definition is here
#define FLASH_OPT_KEY2           0x4C5D6E7FU
        ^
../Core/Src/main.c(4): warning: In file included from...
../Core/Inc\stm32f4xx_flash.h(306): warning: 'ACR_BYTE0_ADDRESS' macro redefined [-Wmacro-redefined]
#define ACR_BYTE0_ADDRESS           ((uint32_t)0x40023C00) 
        ^
../Drivers/STM32F4xx_HAL_Driver/Inc\stm32f4xx_hal_flash.h(361): note: previous definition is here
#define ACR_BYTE0_ADDRESS           0x40023C00U 
        ^
../Core/Src/main.c(4): warning: In file included from...
../Core/Inc\stm32f4xx_flash.h(310): warning: 'OPTCR_BYTE0_ADDRESS' macro redefined [-Wmacro-redefined]
#define OPTCR_BYTE0_ADDRESS         ((uint32_t)0x40023C14)
        ^
../Drivers/STM32F4xx_HAL_Driver/Inc\stm32f4xx_hal_flash.h(365): note: previous definition is here
#define OPTCR_BYTE0_ADDRESS         0x40023C14U
        ^
../Core/Src/main.c(4): warning: In file included from...
../Core/Inc\stm32f4xx_flash.h(314): warning: 'OPTCR_BYTE1_ADDRESS' macro redefined [-Wmacro-redefined]
#define OPTCR_BYTE1_ADDRESS         ((uint32_t)0x40023C15)
        ^
../Drivers/STM32F4xx_HAL_Driver/Inc\stm32f4xx_hal_flash.h(369): note: previous definition is here
#define OPTCR_BYTE1_ADDRESS         0x40023C15U
        ^
../Core/Src/main.c(4): warning: In file included from...
../Core/Inc\stm32f4xx_flash.h(318): warning: 'OPTCR_BYTE2_ADDRESS' macro redefined [-Wmacro-redefined]
#define OPTCR_BYTE2_ADDRESS         ((uint32_t)0x40023C16)
        ^
../Drivers/STM32F4xx_HAL_Driver/Inc\stm32f4xx_hal_flash.h(373): note: previous definition is here
#define OPTCR_BYTE2_ADDRESS         0x40023C16U
        ^
../Core/Src/main.c(4): warning: In file included from...
../Core/Inc\stm32f4xx_flash.h(322): warning: 'OPTCR_BYTE3_ADDRESS' macro redefined [-Wmacro-redefined]
#define OPTCR_BYTE3_ADDRESS         ((uint32_t)0x40023C17)
        ^
../Drivers/STM32F4xx_HAL_Driver/Inc\stm32f4xx_hal_flash.h(377): note: previous definition is here
#define OPTCR_BYTE3_ADDRESS         0x40023C17U
        ^
../Core/Src/main.c(106): warning: implicit declaration of function 'USART1_ReceiveInT_Setup' is invalid in C99 [-Wimplicit-function-declaration]
        USART1_ReceiveInT_Setup();
        ^
30 warnings generated.
compiling main.c...
compiling stm32f4xx_hal_flash.c...
../STM32F4xx_StdPeriph_Driver/src/stm32f4xx_flash.c(72): warning: In file included from...
../Core/Inc\stm32f4xx_flash.h(82): warning: 'IS_FLASH_LATENCY' macro redefined [-Wmacro-redefined]
#define IS_FLASH_LATENCY(LATENCY) (((LATENCY) == FLASH_Latency_0)  || \
        ^
../Drivers/STM32F4xx_HAL_Driver/Inc/stm32f4xx_hal_flash_ex.h(864): note: previous definition is here
#define IS_FLASH_LATENCY(LATENCY) (((LATENCY) == FLASH_LATENCY_0)  || \
        ^
../STM32F4xx_StdPeriph_Driver/src/stm32f4xx_flash.c(72): warning: In file included from...
../Core/Inc\stm32f4xx_flash.h(103): warning: 'IS_VOLTAGERANGE' macro redefined [-Wmacro-redefined]
#define IS_VOLTAGERANGE(RANGE)(((RANGE) == VoltageRange_1) || \
        ^
../Drivers/STM32F4xx_HAL_Driver/Inc/stm32f4xx_hal_flash_ex.h(814): note: previous definition is here
#define IS_VOLTAGERANGE(RANGE)(((RANGE) == FLASH_VOLTAGE_RANGE_1) || \
        ^
../STM32F4xx_StdPeriph_Driver/src/stm32f4xx_flash.c(72): warning: In file included from...
../Core/Inc\stm32f4xx_flash.h(139): warning: 'IS_FLASH_SECTOR' macro redefined [-Wmacro-redefined]
#define IS_FLASH_SECTOR(SECTOR) (((SECTOR) == FLASH_Sector_0)   || ((SECTOR) == FLASH_Sector_1)   ||\
        ^
../Drivers/STM32F4xx_HAL_Driver/Inc/stm32f4xx_hal_flash_ex.h(961): note: previous definition is here
#define IS_FLASH_SECTOR(SECTOR) (((SECTOR) == FLASH_SECTOR_0)   || ((SECTOR) == FLASH_SECTOR_1)   ||\
        ^
../STM32F4xx_StdPeriph_Driver/src/stm32f4xx_flash.c(72): warning: In file included from...
../Core/Inc\stm32f4xx_flash.h(152): warning: 'IS_FLASH_ADDRESS' macro redefined [-Wmacro-redefined]
#define IS_FLASH_ADDRESS(ADDRESS) ((((ADDRESS) >= 0x08000000) && ((ADDRESS) < 0x081FFFFF)) ||\
        ^
../Drivers/STM32F4xx_HAL_Driver/Inc/stm32f4xx_hal_flash_ex.h(967): note: previous definition is here
#define IS_FLASH_ADDRESS(ADDRESS) ((((ADDRESS) >= FLASH_BASE) && ((ADDRESS) <= FLASH_END)) || \
        ^
../STM32F4xx_StdPeriph_Driver/src/stm32f4xx_flash.c(72): warning: In file included from...
../Core/Inc\stm32f4xx_flash.h(221): warning: 'IS_OB_STOP_SOURCE' macro redefined [-Wmacro-redefined]
#define IS_OB_STOP_SOURCE(SOURCE) (((SOURCE) == OB_STOP_NoRST) || ((SOURCE) == OB_STOP_RST))
        ^
../Drivers/STM32F4xx_HAL_Driver/Inc/stm32f4xx_hal_flash_ex.h(830): note: previous definition is here
#define IS_OB_STOP_SOURCE(SOURCE) (((SOURCE) == OB_STOP_NO_RST) || ((SOURCE) == OB_STOP_RST))
        ^
../STM32F4xx_StdPeriph_Driver/src/stm32f4xx_flash.c(72): warning: In file included from...
../Core/Inc\stm32f4xx_flash.h(232): warning: 'IS_OB_STDBY_SOURCE' macro redefined [-Wmacro-redefined]
#define IS_OB_STDBY_SOURCE(SOURCE) (((SOURCE) == OB_STDBY_NoRST) || ((SOURCE) == OB_STDBY_RST))
        ^
../Drivers/STM32F4xx_HAL_Driver/Inc/stm32f4xx_hal_flash_ex.h(832): note: previous definition is here
#define IS_OB_STDBY_SOURCE(SOURCE) (((SOURCE) == OB_STDBY_NO_RST) || ((SOURCE) == OB_STDBY_RST))
        ^
../STM32F4xx_StdPeriph_Driver/src/stm32f4xx_flash.c(72): warning: In file included from...
../Core/Inc\stm32f4xx_flash.h(253): warning: 'FLASH_IT_EOP' macro redefined [-Wmacro-redefined]
#define FLASH_IT_EOP                   ((uint32_t)0x01000000)  /*!< End of FLASH Operation Interrupt source */
        ^
../Drivers/STM32F4xx_HAL_Driver/Inc\stm32f4xx_hal_flash.h(132): note: previous definition is here
#define FLASH_IT_EOP                   FLASH_CR_EOPIE          /*!< End of FLASH Operation Interrupt source */
        ^
../STM32F4xx_StdPeriph_Driver/src/stm32f4xx_flash.c(72): warning: In file included from...
../Core/Inc\stm32f4xx_flash.h(254): warning: 'FLASH_IT_ERR' macro redefined [-Wmacro-redefined]
#define FLASH_IT_ERR                   ((uint32_t)0x02000000)  /*!< Error Interrupt source */
        ^
../Drivers/STM32F4xx_HAL_Driver/Inc\stm32f4xx_hal_flash.h(133): note: previous definition is here
#define FLASH_IT_ERR                   0x02000000U             /*!< Error Interrupt source                  */
        ^
../STM32F4xx_StdPeriph_Driver/src/stm32f4xx_flash.c(72): warning: In file included from...
../Core/Inc\stm32f4xx_flash.h(263): warning: 'FLASH_FLAG_EOP' macro redefined [-Wmacro-redefined]
#define FLASH_FLAG_EOP                 ((uint32_t)0x00000001)  /*!< FLASH End of Operation flag               */
        ^
../Drivers/STM32F4xx_HAL_Driver/Inc\stm32f4xx_hal_flash.h(114): note: previous definition is here
#define FLASH_FLAG_EOP                 FLASH_SR_EOP            /*!< FLASH End of Operation flag               */
        ^
../STM32F4xx_StdPeriph_Driver/src/stm32f4xx_flash.c(72): warning: In file included from...
../Core/Inc\stm32f4xx_flash.h(264): warning: 'FLASH_FLAG_OPERR' macro redefined [-Wmacro-redefined]
#define FLASH_FLAG_OPERR               ((uint32_t)0x00000002)  /*!< FLASH operation Error flag                */
        ^
../Drivers/STM32F4xx_HAL_Driver/Inc\stm32f4xx_hal_flash.h(115): note: previous definition is here
#define FLASH_FLAG_OPERR               FLASH_SR_SOP            /*!< FLASH operation Error flag                */
        ^
../STM32F4xx_StdPeriph_Driver/src/stm32f4xx_flash.c(72): warning: In file included from...
../Core/Inc\stm32f4xx_flash.h(265): warning: 'FLASH_FLAG_WRPERR' macro redefined [-Wmacro-redefined]
#define FLASH_FLAG_WRPERR              ((uint32_t)0x00000010)  /*!< FLASH Write protected error flag          */
        ^
../Drivers/STM32F4xx_HAL_Driver/Inc\stm32f4xx_hal_flash.h(116): note: previous definition is here
#define FLASH_FLAG_WRPERR              FLASH_SR_WRPERR         /*!< FLASH Write protected error flag          */
        ^
../STM32F4xx_StdPeriph_Driver/src/stm32f4xx_flash.c(72): warning: In file included from...
../Core/Inc\stm32f4xx_flash.h(266): warning: 'FLASH_FLAG_PGAERR' macro redefined [-Wmacro-redefined]
#define FLASH_FLAG_PGAERR              ((uint32_t)0x00000020)  /*!< FLASH Programming Alignment error flag    */
        ^
../Drivers/STM32F4xx_HAL_Driver/Inc\stm32f4xx_hal_flash.h(117): note: previous definition is here
#define FLASH_FLAG_PGAERR              FLASH_SR_PGAERR         /*!< FLASH Programming Alignment error flag    */
        ^
../STM32F4xx_StdPeriph_Driver/src/stm32f4xx_flash.c(72): warning: In file included from...
../Core/Inc\stm32f4xx_flash.h(267): warning: 'FLASH_FLAG_PGPERR' macro redefined [-Wmacro-redefined]
#define FLASH_FLAG_PGPERR              ((uint32_t)0x00000040)  /*!< FLASH Programming Parallelism error flag  */
        ^
../Drivers/STM32F4xx_HAL_Driver/Inc\stm32f4xx_hal_flash.h(118): note: previous definition is here
#define FLASH_FLAG_PGPERR              FLASH_SR_PGPERR         /*!< FLASH Programming Parallelism error flag  */
        ^
../STM32F4xx_StdPeriph_Driver/src/stm32f4xx_flash.c(72): warning: In file included from...
../Core/Inc\stm32f4xx_flash.h(268): warning: 'FLASH_FLAG_PGSERR' macro redefined [-Wmacro-redefined]
#define FLASH_FLAG_PGSERR              ((uint32_t)0x00000080)  /*!< FLASH Programming Sequence error flag     */
        ^
../Drivers/STM32F4xx_HAL_Driver/Inc\stm32f4xx_hal_flash.h(119): note: previous definition is here
#define FLASH_FLAG_PGSERR              FLASH_SR_PGSERR         /*!< FLASH Programming Sequence error flag     */
        ^
../STM32F4xx_StdPeriph_Driver/src/stm32f4xx_flash.c(72): warning: In file included from...
../Core/Inc\stm32f4xx_flash.h(269): warning: 'FLASH_FLAG_BSY' macro redefined [-Wmacro-redefined]
#define FLASH_FLAG_BSY                 ((uint32_t)0x00010000)  /*!< FLASH Busy flag                           */ 
        ^
../Drivers/STM32F4xx_HAL_Driver/Inc\stm32f4xx_hal_flash.h(123): note: previous definition is here
#define FLASH_FLAG_BSY                 FLASH_SR_BSY            /*!< FLASH Busy flag                           */ 
        ^
../STM32F4xx_StdPeriph_Driver/src/stm32f4xx_flash.c(72): warning: In file included from...
../Core/Inc\stm32f4xx_flash.h(282): warning: 'FLASH_PSIZE_BYTE' macro redefined [-Wmacro-redefined]
#define FLASH_PSIZE_BYTE           ((uint32_t)0x00000000)
        ^
../Drivers/STM32F4xx_HAL_Driver/Inc\stm32f4xx_hal_flash.h(141): note: previous definition is here
#define FLASH_PSIZE_BYTE           0x00000000U
        ^
../STM32F4xx_StdPeriph_Driver/src/stm32f4xx_flash.c(72): warning: In file included from...
../Core/Inc\stm32f4xx_flash.h(283): warning: 'FLASH_PSIZE_HALF_WORD' macro redefined [-Wmacro-redefined]
#define FLASH_PSIZE_HALF_WORD      ((uint32_t)0x00000100)
        ^
../Drivers/STM32F4xx_HAL_Driver/Inc\stm32f4xx_hal_flash.h(142): note: previous definition is here
#define FLASH_PSIZE_HALF_WORD      0x00000100U
        ^
../STM32F4xx_StdPeriph_Driver/src/stm32f4xx_flash.c(72): warning: In file included from...
../Core/Inc\stm32f4xx_flash.h(284): warning: 'FLASH_PSIZE_WORD' macro redefined [-Wmacro-redefined]
#define FLASH_PSIZE_WORD           ((uint32_t)0x00000200)
        ^
../Drivers/STM32F4xx_HAL_Driver/Inc\stm32f4xx_hal_flash.h(143): note: previous definition is here
#define FLASH_PSIZE_WORD           0x00000200U
        ^
../STM32F4xx_StdPeriph_Driver/src/stm32f4xx_flash.c(72): warning: In file included from...
../Core/Inc\stm32f4xx_flash.h(285): warning: 'FLASH_PSIZE_DOUBLE_WORD' macro redefined [-Wmacro-redefined]
#define FLASH_PSIZE_DOUBLE_WORD    ((uint32_t)0x00000300)
        ^
../Drivers/STM32F4xx_HAL_Driver/Inc\stm32f4xx_hal_flash.h(144): note: previous definition is here
#define FLASH_PSIZE_DOUBLE_WORD    0x00000300U
        ^
../STM32F4xx_StdPeriph_Driver/src/stm32f4xx_flash.c(72): warning: In file included from...
../Core/Inc\stm32f4xx_flash.h(286): warning: 'CR_PSIZE_MASK' macro redefined [-Wmacro-redefined]
#define CR_PSIZE_MASK              ((uint32_t)0xFFFFFCFF)
        ^
../Drivers/STM32F4xx_HAL_Driver/Inc\stm32f4xx_hal_flash.h(145): note: previous definition is here
#define CR_PSIZE_MASK              0xFFFFFCFFU
        ^
../STM32F4xx_StdPeriph_Driver/src/stm32f4xx_flash.c(72): warning: In file included from...
../Core/Inc\stm32f4xx_flash.h(295): warning: 'FLASH_KEY1' macro redefined [-Wmacro-redefined]
#define FLASH_KEY1               ((uint32_t)0x45670123)
        ^
../Drivers/STM32F4xx_HAL_Driver/Inc\stm32f4xx_hal_flash.h(154): note: previous definition is here
#define FLASH_KEY1               0x45670123U
        ^
../STM32F4xx_StdPeriph_Driver/src/stm32f4xx_flash.c(72): warning: In file included from...
../Core/Inc\stm32f4xx_flash.h(296): warning: 'FLASH_KEY2' macro redefined [-Wmacro-redefined]
#define FLASH_KEY2               ((uint32_t)0xCDEF89AB)
        ^
../Drivers/STM32F4xx_HAL_Driver/Inc\stm32f4xx_hal_flash.h(155): note: previous definition is here
#define FLASH_KEY2               0xCDEF89ABU
        ^
../STM32F4xx_StdPeriph_Driver/src/stm32f4xx_flash.c(72): warning: In file included from...
../Core/Inc\stm32f4xx_flash.h(297): warning: 'FLASH_OPT_KEY1' macro redefined [-Wmacro-redefined]
#define FLASH_OPT_KEY1           ((uint32_t)0x08192A3B)
        ^
../Drivers/STM32F4xx_HAL_Driver/Inc\stm32f4xx_hal_flash.h(156): note: previous definition is here
#define FLASH_OPT_KEY1           0x08192A3BU
        ^
../STM32F4xx_StdPeriph_Driver/src/stm32f4xx_flash.c(72): warning: In file included from...
../Core/Inc\stm32f4xx_flash.h(298): warning: 'FLASH_OPT_KEY2' macro redefined [-Wmacro-redefined]
#define FLASH_OPT_KEY2           ((uint32_t)0x4C5D6E7F)
        ^
../Drivers/STM32F4xx_HAL_Driver/Inc\stm32f4xx_hal_flash.h(157): note: previous definition is here
#define FLASH_OPT_KEY2           0x4C5D6E7FU
        ^
../STM32F4xx_StdPeriph_Driver/src/stm32f4xx_flash.c(72): warning: In file included from...
../Core/Inc\stm32f4xx_flash.h(306): warning: 'ACR_BYTE0_ADDRESS' macro redefined [-Wmacro-redefined]
#define ACR_BYTE0_ADDRESS           ((uint32_t)0x40023C00) 
        ^
../Drivers/STM32F4xx_HAL_Driver/Inc\stm32f4xx_hal_flash.h(361): note: previous definition is here
#define ACR_BYTE0_ADDRESS           0x40023C00U 
        ^
../STM32F4xx_StdPeriph_Driver/src/stm32f4xx_flash.c(72): warning: In file included from...
../Core/Inc\stm32f4xx_flash.h(310): warning: 'OPTCR_BYTE0_ADDRESS' macro redefined [-Wmacro-redefined]
#define OPTCR_BYTE0_ADDRESS         ((uint32_t)0x40023C14)
        ^
../Drivers/STM32F4xx_HAL_Driver/Inc\stm32f4xx_hal_flash.h(365): note: previous definition is here
#define OPTCR_BYTE0_ADDRESS         0x40023C14U
        ^
../STM32F4xx_StdPeriph_Driver/src/stm32f4xx_flash.c(72): warning: In file included from...
../Core/Inc\stm32f4xx_flash.h(314): warning: 'OPTCR_BYTE1_ADDRESS' macro redefined [-Wmacro-redefined]
#define OPTCR_BYTE1_ADDRESS         ((uint32_t)0x40023C15)
        ^
../Drivers/STM32F4xx_HAL_Driver/Inc\stm32f4xx_hal_flash.h(369): note: previous definition is here
#define OPTCR_BYTE1_ADDRESS         0x40023C15U
        ^
../STM32F4xx_StdPeriph_Driver/src/stm32f4xx_flash.c(72): warning: In file included from...
../Core/Inc\stm32f4xx_flash.h(318): warning: 'OPTCR_BYTE2_ADDRESS' macro redefined [-Wmacro-redefined]
#define OPTCR_BYTE2_ADDRESS         ((uint32_t)0x40023C16)
        ^
../Drivers/STM32F4xx_HAL_Driver/Inc\stm32f4xx_hal_flash.h(373): note: previous definition is here
#define OPTCR_BYTE2_ADDRESS         0x40023C16U
        ^
../STM32F4xx_StdPeriph_Driver/src/stm32f4xx_flash.c(72): warning: In file included from...
../Core/Inc\stm32f4xx_flash.h(322): warning: 'OPTCR_BYTE3_ADDRESS' macro redefined [-Wmacro-redefined]
#define OPTCR_BYTE3_ADDRESS         ((uint32_t)0x40023C17)
        ^
../Drivers/STM32F4xx_HAL_Driver/Inc\stm32f4xx_hal_flash.h(377): note: previous definition is here
#define OPTCR_BYTE3_ADDRESS         0x40023C17U
        ^
29 warnings generated.
compiling stm32f4xx_flash.c...
compiling stm32f4xx_hal_rcc.c...
compiling stm32f4xx_hal_flash_ramfunc.c...
compiling stm32f4xx_hal_rcc_ex.c...
compiling stm32f4xx_hal_flash_ex.c...
compiling stm32f4xx_hal_gpio.c...
compiling stm32f4xx_hal_pwr.c...
compiling stm32f4xx_hal_dma.c...
compiling stm32f4xx_hal_dma_ex.c...
compiling stm32f4xx_hal_pwr_ex.c...
compiling stm32f4xx_hal_cortex.c...
compiling uart.c...
compiling stm32f4xx_hal.c...
compiling stm32f4xx_hal_exti.c...
linking...
Program Size: Code=1580 RO-data=484 RW-data=88 ZI-data=1648  
FromELF: creating hex file...
"RTOS_Bootloader\RTOS_Bootloader.axf" - 0 Error(s), 59 Warning(s).

<h2>Software Packages used:</h2>

Package Vendor: ARM
                https://www.keil.com/pack/ARM.CMSIS.6.1.0.pack
                ARM.CMSIS.6.1.0
                CMSIS (Common Microcontroller Software Interface Standard)
   * Component: CORE Version: 6.1.0

Package Vendor: Keil
                https://www.keil.com/pack/Keil.STM32F4xx_DFP.3.0.0.pack
                Keil.STM32F4xx_DFP.3.0.0
                STMicroelectronics STM32F4 Series Device Support

<h2>Collection of Component include folders:</h2>
  .\RTE\_RTOS_Bootloader
  C:\Users\Loc\AppData\Local\Arm\Packs\ARM\CMSIS\6.1.0\CMSIS\Core\Include

<h2>Collection of Component Files used:</h2>

   * Component: ARM::CMSIS:CORE:6.1.0
      Include file:  CMSIS\Core\Include\tz_context.h
Build Time Elapsed:  00:00:02
</pre>
</body>
</html>
